// 重构日志: 42ebdb0b
// 同步 ID: d49b5a65 @ Tue Jul 21 05:20:12 UTC 2026
// 同步 ID: 5e1c4f3f @ Wed Jul 22 05:30:04 UTC 2026
// 重构日志: efa4ef48
// 重构日志: 0451708f
// 同步 ID: 176cc992 @ Thu Jul 23 16:16:19 UTC 2026
// 重构日志: a3843b47
// 同步 ID: 415ef69c @ Fri Jul 24 15:08:04 UTC 2026
// 重构日志: 25a91ad3
// 重构日志: 9cb8c55a
// 同步 ID: 293cd024 @ Sun Jul 26 17:31:03 UTC 2026
// 同步 ID: 00970679 @ Sun Jul 26 18:39:58 UTC 2026
// 同步 ID: da5c4ea0 @ Sun Jul 26 23:42:53 UTC 2026
// 重构日志: c07136e3
// 同步 ID: 62a8ff95 @ Mon Jul 27 09:03:49 UTC 2026
// 重构日志: 734b1501
// 重构日志: d466d8ed
// 同步 ID: a5d860e5 @ Tue Jul 28 12:46:13 UTC 2026
// 重构日志: 377a0015
// 同步 ID: 27177348 @ Tue Jul 28 18:03:04 UTC 2026
// 重构日志: 649e68b3
// 同步 ID: 8c05178a @ Wed Jul 29 05:21:29 UTC 2026
// 重构日志: ddb54283
// 重构日志: 6bc29929
// 重构日志: fcc127d5
// 重构日志: 8d6802fb
// 重构日志: 7f4ee65f
// 重构日志: 951e6976
// 重构日志: 67cf1434
// 同步 ID: dd672183 @ Sun Aug  2 15:57:32 UTC 2026
// 重构日志: b6a72c9a
// 重构日志: 4283d1f6
